// Jest Snapshot v1, https://goo.gl/fbAQLP

exports[`Audit toolbar renders 1`] = `
<DataToolbar
  id="audit-list-top-toolbar"
  style={
    Object {
      "marginBottom": "var(--pf-global--spacer--lg)",
    }
  }
>
  <DataToolbarContent
    breakpointMods={Array []}
    isExpanded={false}
    showClearFiltersButton={false}
  >
    <DataToolbarItem
      variant="label"
    >
      Search
    </DataToolbarItem>
    <DataToolbarItem>
      <InputGroup>
        <ForwardRef
          aria-label="search executions"
          id="audit-search-input"
          name="audit-search-input"
          onKeyDown={[Function]}
          type="search"
        />
        <Component
          aria-label="search button for search input"
          id="audit-search"
          onClick={[Function]}
          variant="control"
        >
          <SearchIcon
            color="currentColor"
            noVerticalAlign={false}
            size="sm"
            title={null}
          />
        </Component>
      </InputGroup>
    </DataToolbarItem>
    <DataToolbarItem
      variant="label"
    >
      From
    </DataToolbarItem>
    <DataToolbarItem>
      <FromFilter
        fromDate="2020-01-01"
        maxDate="2020-02-01"
        onFromDateUpdate={[Function]}
      />
    </DataToolbarItem>
    <DataToolbarItem
      variant="label"
    >
      To
    </DataToolbarItem>
    <DataToolbarItem>
      <ToFilter
        minDate="2020-01-01"
        onToDateUpdate={[Function]}
        toDate="2020-02-01"
      />
    </DataToolbarItem>
    <DataToolbarItem
      variant="pagination"
    >
      <PaginationContainer
        onSetPage={[Function]}
        onSetPageSize={[Function]}
        page={1}
        pageSize={10}
        paginationId="audit-list-top-pagination"
        total={20}
      />
    </DataToolbarItem>
  </DataToolbarContent>
</DataToolbar>
`;
